<testsuites id="" name="" tests="24" failures="2" skipped="1" errors="0" time="426.929909">
<testsuite name="saucedemo\cartpage.spec.ts" timestamp="2026-06-20T14:53:48.100Z" hostname="chromium" tests="4" failures="1" skipped="0" time="419.541" errors="0">
<testcase name="Cart page tests › Navigate to cart page" classname="saucedemo\cartpage.spec.ts" time="92.322">
<system-out>
<![CDATA[
[[ATTACHMENT|test-results\saucedemo-cartpage-Cart-page-tests-Navigate-to-cart-page-chromium\test-failed-1.png]]

[[ATTACHMENT|test-results\saucedemo-cartpage-Cart-page-tests-Navigate-to-cart-page-chromium\error-context.md]]

[[ATTACHMENT|test-results\saucedemo-cartpage-Cart-page-tests-Navigate-to-cart-page-chromium\trace.zip]]

[[ATTACHMENT|test-results\saucedemo-cartpage-Cart-page-tests-Navigate-to-cart-page-chromium-retry1\trace.zip]]
]]>
</system-out>
</testcase>
<testcase name="Cart page tests › click on continue shopping button and verify navigation to product page" classname="saucedemo\cartpage.spec.ts" time="96.706">
<system-out>
<![CDATA[
[[ATTACHMENT|test-results\saucedemo-cartpage-Cart-pa-3d01d--navigation-to-product-page-chromium\test-failed-1.png]]

[[ATTACHMENT|test-results\saucedemo-cartpage-Cart-pa-3d01d--navigation-to-product-page-chromium\error-context.md]]

[[ATTACHMENT|test-results\saucedemo-cartpage-Cart-pa-3d01d--navigation-to-product-page-chromium\trace.zip]]

[[ATTACHMENT|test-results\saucedemo-cartpage-Cart-pa-3d01d--navigation-to-product-page-chromium-retry1\trace.zip]]
]]>
</system-out>
</testcase>
<testcase name="Cart page tests › remove product from cart and verify cart count" classname="saucedemo\cartpage.spec.ts" time="116.33">
<system-out>
<![CDATA[
[[ATTACHMENT|test-results\saucedemo-cartpage-Cart-pa-9248a--cart-and-verify-cart-count-chromium\test-failed-1.png]]

[[ATTACHMENT|test-results\saucedemo-cartpage-Cart-pa-9248a--cart-and-verify-cart-count-chromium\error-context.md]]

[[ATTACHMENT|test-results\saucedemo-cartpage-Cart-pa-9248a--cart-and-verify-cart-count-chromium\trace.zip]]

[[ATTACHMENT|test-results\saucedemo-cartpage-Cart-pa-9248a--cart-and-verify-cart-count-chromium-retry1\trace.zip]]
]]>
</system-out>
</testcase>
<testcase name="Cart page tests › click on checkout button and verify navigation to checkout page" classname="saucedemo\cartpage.spec.ts" time="114.183">
<failure message="cartpage.spec.ts:38:9 click on checkout button and verify navigation to checkout page" type="FAILURE">
<![CDATA[  [chromium] › saucedemo\cartpage.spec.ts:38:9 › Cart page tests › click on checkout button and verify navigation to checkout page 

    Test timeout of 30000ms exceeded while running "beforeEach" hook.

      3 | test.describe('Cart page tests', () => {
      4 |
    > 5 |     test.beforeEach(async ({ loginPage,productPage }) => {
        |          ^
      6 |         await loginPage.navigateTo();
      7 |         await loginPage.loginAs('STANDARD_USER');
      8 |          // ensure we are on product page
        at C:\Users\Public\PlaywrightE2EFramework-Mar292026\tests\saucedemo\cartpage.spec.ts:5:10

    Tearing down "context" exceeded the test timeout of 30000ms.

    Error: browserContext.close: Target page, context or browser has been closed

    attachment #1: screenshot (image/png) ──────────────────────────────────────────────────────────
    ..\test-results\saucedemo-cartpage-Cart-pa-40696-navigation-to-checkout-page-chromium\test-failed-1.png
    ────────────────────────────────────────────────────────────────────────────────────────────────

    Error Context: ..\test-results\saucedemo-cartpage-Cart-pa-40696-navigation-to-checkout-page-chromium\error-context.md

    attachment #3: trace (application/zip) ─────────────────────────────────────────────────────────
    ..\test-results\saucedemo-cartpage-Cart-pa-40696-navigation-to-checkout-page-chromium\trace.zip
    Usage:

        npx playwright show-trace ..\test-results\saucedemo-cartpage-Cart-pa-40696-navigation-to-checkout-page-chromium\trace.zip

    ────────────────────────────────────────────────────────────────────────────────────────────────

    Retry #1 ───────────────────────────────────────────────────────────────────────────────────────

    Tearing down "context" exceeded the test timeout of 30000ms.

    attachment #1: screenshot (image/png) ──────────────────────────────────────────────────────────
    ..\test-results\saucedemo-cartpage-Cart-pa-40696-navigation-to-checkout-page-chromium-retry1\test-failed-1.png
    ────────────────────────────────────────────────────────────────────────────────────────────────

    attachment #2: trace (application/zip) ─────────────────────────────────────────────────────────
    ..\test-results\saucedemo-cartpage-Cart-pa-40696-navigation-to-checkout-page-chromium-retry1\trace.zip
    Usage:

        npx playwright show-trace ..\test-results\saucedemo-cartpage-Cart-pa-40696-navigation-to-checkout-page-chromium-retry1\trace.zip

    ────────────────────────────────────────────────────────────────────────────────────────────────
]]>
</failure>
<system-out>
<![CDATA[
[[ATTACHMENT|test-results\saucedemo-cartpage-Cart-pa-40696-navigation-to-checkout-page-chromium\test-failed-1.png]]

[[ATTACHMENT|test-results\saucedemo-cartpage-Cart-pa-40696-navigation-to-checkout-page-chromium\error-context.md]]

[[ATTACHMENT|test-results\saucedemo-cartpage-Cart-pa-40696-navigation-to-checkout-page-chromium\trace.zip]]

[[ATTACHMENT|test-results\saucedemo-cartpage-Cart-pa-40696-navigation-to-checkout-page-chromium-retry1\test-failed-1.png]]

[[ATTACHMENT|test-results\saucedemo-cartpage-Cart-pa-40696-navigation-to-checkout-page-chromium-retry1\trace.zip]]
]]>
</system-out>
</testcase>
</testsuite>
<testsuite name="saucedemo\checkout-csv-data-driven.spec.ts" timestamp="2026-06-20T14:53:48.100Z" hostname="chromium" tests="3" failures="1" skipped="0" time="172.448" errors="0">
<testcase name="checkout flow test - reading CSV file single data › verify order completion flow with data set 1-JohnDoe 60543" classname="saucedemo\checkout-csv-data-driven.spec.ts" time="114.236">
<failure message="checkout-csv-data-driven.spec.ts:32:14 verify order completion flow with data set 1-JohnDoe 60543" type="FAILURE">
<![CDATA[  [chromium] › saucedemo\checkout-csv-data-driven.spec.ts:32:14 › checkout flow test - reading CSV file single data › verify order completion flow with data set 1-JohnDoe 60543 

    Test timeout of 30000ms exceeded while running "beforeEach" hook.

      15 |
      16 | test.describe('checkout flow test - reading CSV file single data', () => {
    > 17 |     test.beforeEach(async ({ loginPage,productPage,cartPage,checkoutPage}) => {     
         |          ^
      18 |         await loginPage.navigateTo();
      19 |         await loginPage.loginAs('STANDARD_USER');
      20 |          // ensure we are on product page
        at C:\Users\Public\PlaywrightE2EFramework-Mar292026\tests\saucedemo\checkout-csv-data-driven.spec.ts:17:10

    Tearing down "context" exceeded the test timeout of 30000ms.

    Error: browserContext.close: Target page, context or browser has been closed

    attachment #1: screenshot (image/png) ──────────────────────────────────────────────────────────
    ..\test-results\saucedemo-checkout-csv-dat-a1fa6-th-data-set-1-JohnDoe-60543-chromium\test-failed-1.png
    ────────────────────────────────────────────────────────────────────────────────────────────────

    Error Context: ..\test-results\saucedemo-checkout-csv-dat-a1fa6-th-data-set-1-JohnDoe-60543-chromium\error-context.md

    attachment #3: trace (application/zip) ─────────────────────────────────────────────────────────
    ..\test-results\saucedemo-checkout-csv-dat-a1fa6-th-data-set-1-JohnDoe-60543-chromium\trace.zip
    Usage:

        npx playwright show-trace ..\test-results\saucedemo-checkout-csv-dat-a1fa6-th-data-set-1-JohnDoe-60543-chromium\trace.zip

    ────────────────────────────────────────────────────────────────────────────────────────────────

    Retry #1 ───────────────────────────────────────────────────────────────────────────────────────

    Tearing down "context" exceeded the test timeout of 30000ms.

    attachment #1: screenshot (image/png) ──────────────────────────────────────────────────────────
    ..\test-results\saucedemo-checkout-csv-dat-a1fa6-th-data-set-1-JohnDoe-60543-chromium-retry1\test-failed-1.png
    ────────────────────────────────────────────────────────────────────────────────────────────────

    attachment #2: trace (application/zip) ─────────────────────────────────────────────────────────
    ..\test-results\saucedemo-checkout-csv-dat-a1fa6-th-data-set-1-JohnDoe-60543-chromium-retry1\trace.zip
    Usage:

        npx playwright show-trace ..\test-results\saucedemo-checkout-csv-dat-a1fa6-th-data-set-1-JohnDoe-60543-chromium-retry1\trace.zip

    ────────────────────────────────────────────────────────────────────────────────────────────────
]]>
</failure>
<system-out>
<![CDATA[
[[ATTACHMENT|test-results\saucedemo-checkout-csv-dat-a1fa6-th-data-set-1-JohnDoe-60543-chromium\test-failed-1.png]]

[[ATTACHMENT|test-results\saucedemo-checkout-csv-dat-a1fa6-th-data-set-1-JohnDoe-60543-chromium\error-context.md]]

[[ATTACHMENT|test-results\saucedemo-checkout-csv-dat-a1fa6-th-data-set-1-JohnDoe-60543-chromium\trace.zip]]

[[ATTACHMENT|test-results\saucedemo-checkout-csv-dat-a1fa6-th-data-set-1-JohnDoe-60543-chromium-retry1\test-failed-1.png]]

[[ATTACHMENT|test-results\saucedemo-checkout-csv-dat-a1fa6-th-data-set-1-JohnDoe-60543-chromium-retry1\trace.zip]]
]]>
</system-out>
</testcase>
<testcase name="checkout flow test - reading CSV file single data › verify order completion flow with data set 2-rameshch 560049" classname="saucedemo\checkout-csv-data-driven.spec.ts" time="32.613">
<system-out>
<![CDATA[
[[ATTACHMENT|test-results\saucedemo-checkout-csv-dat-f42c4--data-set-2-rameshch-560049-chromium\trace.zip]]
]]>
</system-out>
</testcase>
<testcase name="checkout flow test - reading CSV file single data › verify order completion flow with data set 3-sekharts 560045" classname="saucedemo\checkout-csv-data-driven.spec.ts" time="25.599">
<system-out>
<![CDATA[
[[ATTACHMENT|test-results\saucedemo-checkout-csv-dat-0f971--data-set-3-sekharts-560045-chromium\trace.zip]]
]]>
</system-out>
</testcase>
</testsuite>
<testsuite name="saucedemo\checkout-csv-data.spec.ts" timestamp="2026-06-20T14:53:48.100Z" hostname="chromium" tests="1" failures="0" skipped="1" time="0" errors="0">
<testcase name="checkout flow test - reading CSV file single data › verify order completion flow" classname="saucedemo\checkout-csv-data.spec.ts" time="0">
<properties>
<property name="skip" value="">
</property>
</properties>
<skipped>
</skipped>
</testcase>
</testsuite>
<testsuite name="saucedemo\checkout-datadriven.spec.ts" timestamp="2026-06-20T14:53:48.100Z" hostname="chromium" tests="3" failures="0" skipped="0" time="115.594" errors="0">
<testcase name="checkout page tests › verify order completion flow with data set 1-JohnDoe 12345" classname="saucedemo\checkout-datadriven.spec.ts" time="72.478">
<system-out>
<![CDATA[
[[ATTACHMENT|test-results\saucedemo-checkout-datadri-2fcf6-th-data-set-1-JohnDoe-12345-chromium\test-failed-1.png]]

[[ATTACHMENT|test-results\saucedemo-checkout-datadri-2fcf6-th-data-set-1-JohnDoe-12345-chromium\trace.zip]]

[[ATTACHMENT|test-results\saucedemo-checkout-datadri-2fcf6-th-data-set-1-JohnDoe-12345-chromium-retry1\trace.zip]]
]]>
</system-out>
</testcase>
<testcase name="checkout page tests › verify order completion flow with data set 2-JaneSmith 54321" classname="saucedemo\checkout-datadriven.spec.ts" time="22.709">
<system-out>
<![CDATA[
[[ATTACHMENT|test-results\saucedemo-checkout-datadri-a2e5d--data-set-2-JaneSmith-54321-chromium\trace.zip]]
]]>
</system-out>
</testcase>
<testcase name="checkout page tests › verify order completion flow with data set 3-AliceJohnson 67890" classname="saucedemo\checkout-datadriven.spec.ts" time="20.407">
<system-out>
<![CDATA[
[[ATTACHMENT|test-results\saucedemo-checkout-datadri-125a7-ta-set-3-AliceJohnson-67890-chromium\trace.zip]]
]]>
</system-out>
</testcase>
</testsuite>
<testsuite name="saucedemo\checkout.spec.ts" timestamp="2026-06-20T14:53:48.100Z" hostname="chromium" tests="3" failures="0" skipped="0" time="124.261" errors="0">
<testcase name="checkout page tests › verify order completion flow" classname="saucedemo\checkout.spec.ts" time="60.864">
<system-out>
<![CDATA[
[[ATTACHMENT|test-results\saucedemo-checkout-checkou-bee04-erify-order-completion-flow-chromium\test-failed-1.png]]

[[ATTACHMENT|test-results\saucedemo-checkout-checkou-bee04-erify-order-completion-flow-chromium\trace.zip]]

[[ATTACHMENT|test-results\saucedemo-checkout-checkou-bee04-erify-order-completion-flow-chromium-retry1\trace.zip]]
]]>
</system-out>
</testcase>
<testcase name="checkout page tests › verify cancel button functionality on checkout page" classname="saucedemo\checkout.spec.ts" time="38.919">
<system-out>
<![CDATA[
[[ATTACHMENT|test-results\saucedemo-checkout-checkou-b73d6-ctionality-on-checkout-page-chromium\trace.zip]]
]]>
</system-out>
</testcase>
<testcase name="checkout page tests › Verify cancel button in checkout overview page" classname="saucedemo\checkout.spec.ts" time="24.478">
<system-out>
<![CDATA[
[[ATTACHMENT|test-results\saucedemo-checkout-checkou-284a4-n-in-checkout-overview-page-chromium\trace.zip]]
]]>
</system-out>
</testcase>
</testsuite>
<testsuite name="saucedemo\login.spec.ts" timestamp="2026-06-20T14:53:48.100Z" hostname="chromium" tests="3" failures="0" skipped="0" time="65.253" errors="0">
<testcase name="Login Tests › should login with valid credentials" classname="saucedemo\login.spec.ts" time="33.124">
<system-out>
<![CDATA[
[[ATTACHMENT|test-results\saucedemo-login-Login-Test-1503d-ogin-with-valid-credentials-chromium\trace.zip]]
]]>
</system-out>
</testcase>
<testcase name="Login Tests › should show error with locked out credentials" classname="saucedemo\login.spec.ts" time="17.805">
<system-out>
<![CDATA[
[[ATTACHMENT|test-results\saucedemo-login-Login-Test-ef31e-with-locked-out-credentials-chromium\trace.zip]]
]]>
</system-out>
</testcase>
<testcase name="Login Tests › should show error with invalid credentials" classname="saucedemo\login.spec.ts" time="14.324">
<system-out>
<![CDATA[
[[ATTACHMENT|test-results\saucedemo-login-Login-Test-63b13-or-with-invalid-credentials-chromium\trace.zip]]
]]>
</system-out>
</testcase>
</testsuite>
<testsuite name="saucedemo\products.spec.ts" timestamp="2026-06-20T14:53:48.100Z" hostname="chromium" tests="7" failures="0" skipped="0" time="215.753" errors="0">
<testcase name="product page tests › should display products and verfy product list" classname="saucedemo\products.spec.ts" time="17.778">
<system-out>
<![CDATA[
[[ATTACHMENT|test-results\saucedemo-products-product-d052b-ucts-and-verfy-product-list-chromium\trace.zip]]
]]>
</system-out>
</testcase>
<testcase name="product page tests › Add products to cart and verify cart count" classname="saucedemo\products.spec.ts" time="56.238">
<system-out>
<![CDATA[
[[ATTACHMENT|test-results\saucedemo-products-product-a543e--cart-and-verify-cart-count-chromium\trace.zip]]
]]>
</system-out>
</testcase>
<testcase name="product page tests › Add product by name and verify cart count" classname="saucedemo\products.spec.ts" time="43.714">
<system-out>
<![CDATA[
[[ATTACHMENT|test-results\saucedemo-products-product-8ea4a--name-and-verify-cart-count-chromium\trace.zip]]
]]>
</system-out>
</testcase>
<testcase name="product page tests › Remove product by name and verify cart count" classname="saucedemo\products.spec.ts" time="26.834">
<system-out>
<![CDATA[
[[ATTACHMENT|test-results\saucedemo-products-product-26f77--name-and-verify-cart-count-chromium\trace.zip]]
]]>
</system-out>
</testcase>
<testcase name="product page tests › Add all products to cart and verify cart count" classname="saucedemo\products.spec.ts" time="34.303">
<system-out>
<![CDATA[
[[ATTACHMENT|test-results\saucedemo-products-product-94c32--cart-and-verify-cart-count-chromium\trace.zip]]
]]>
</system-out>
</testcase>
<testcase name="product page tests › sort products by price low to high and verify sorting" classname="saucedemo\products.spec.ts" time="21.034">
<system-out>
<![CDATA[
[[ATTACHMENT|test-results\saucedemo-products-product-37f6b--to-high-and-verify-sorting-chromium\trace.zip]]
]]>
</system-out>
</testcase>
<testcase name="product page tests › Navigate to cart page" classname="saucedemo\products.spec.ts" time="15.852">
<system-out>
<![CDATA[
[[ATTACHMENT|test-results\saucedemo-products-product-page-tests-Navigate-to-cart-page-chromium\trace.zip]]
]]>
</system-out>
</testcase>
</testsuite>
</testsuites>